[covid.gov.pk/index.html]
[covid.gov.pk/v2/img/favicon.png]
[backblue.gif]
[fade.gif]
[index.html]
[covid.gov.pk/v2/css/c3.css]
[kenwheeler.github.io/slick/slick/slick-theme.css]
[cdn.jsdelivr.net/npm/slick-carousel@1.8.1/slick/slick.css]
[stackpath.bootstrapcdn.com/bootstrap/4.4.1/css/bootstrap.min.css]
[covid.gov.pk/v2/css/style.css]
[unpkg.com/aos@2.3.1/dist/aos.css]
[stackpath.bootstrapcdn.com/font-awesome/4.7.0/css/font-awesome.min.css]
[covid.gov.pk/v2/img/logo.png]
[covid.gov.pk/stats/pakistan.html]
[covid.gov.pk/stats/weekly.html]
[covid.gov.pk/stats/ict.html]
[covid.gov.pk/stats/punjab.html]
[covid.gov.pk/stats/sindh.html]
[covid.gov.pk/stats/kpk.html]
[covid.gov.pk/stats/balochistan.html]
[covid.gov.pk/stats/gilgit-baltistan.html]
[covid.gov.pk/stats/ajk.html]
[covid.gov.pk/stats/global.html]
[covid.gov.pk/covid19.html]
[covid.gov.pk/chatbot-main.html]
[covid.gov.pk/chatbot.html]
[covid.gov.pk/chatbot-urdu.html]
[covid.gov.pk/press-release.html]
[covid.gov.pk/guideline.html]
[covid.gov.pk/prevention.html]
[covid.gov.pk/facilities/List of COVID-19 Designated Tertiary Care Hospitals Pakistan.pdf]
[covid.gov.pk/facilities/List of Province-wise COVID-19 Hospital Isolation Wards Pakistan.pdf]
[covid.gov.pk/facilities/List of Province-wise COVID-19 Quarantine Facilities Pakistan.pdf]
[covid.gov.pk/facilities/16 Nov 2020 Current Lab Testing.pdf]
[covid.gov.pk/intl_travellers/current_policies.html]
[covid.gov.pk/intl_travellers/guidelines_for_travellers.html]
[covid.gov.pk/intl_travellers/contact_info_for_queries.html]
[covid.gov.pk/faq.html]
[covid.gov.pk/public_service_message.html]
[covid.gov.pk/v2/img/header-b.png]
[covid.gov.pk/v2/img/gfx-b.png]
[covid.gov.pk/v2/img/symptom-a.png]
[covid.gov.pk/v2/img/symptom-b.png]
[covid.gov.pk/v2/img/symptom-c.png]
[covid.gov.pk/v2/img/gfx-c.jpg]
[covid.gov.pk/v2/img/advice-a.png]
[covid.gov.pk/v2/img/advice-b.png]
[covid.gov.pk/v2/img/advice-c.png]
[covid.gov.pk/v2/img/advice-d.png]
[covid.gov.pk/videos/message.mp4]
[platform.twitter.com/widgets.js]
[covid.gov.pk/v2/img/1.jpg]
[covid.gov.pk/v2/img/fslsltn.jpg]
[covid.gov.pk/v2/img/4.jpg]
[covid.gov.pk/v2/img/logo-dark.png]
[covid.gov.pk/laboratories.html]
[covid.gov.pk/docs/Data Access Request Form-1.docx]
[covid.gov.pk/contact.html]
[covid.gov.pk/v2/img/footer-shape1.png]
[covid.gov.pk/v2/img/footer-shape2.png]
[covid.gov.pk/v2/img/footer-shape3.png]
[code.jquery.com/jquery-3.4.1.slim.min.js]
[cdn.jsdelivr.net/npm/slick-carousel@1.8.1/slick/slick.min.js]
[cdn.jsdelivr.net/npm/popper.js@1.16.0/dist/umd/popper.min.js]
[stackpath.bootstrapcdn.com/bootstrap/4.4.1/js/bootstrap.min.js]
[unpkg.com/aos@2.3.1/dist/aos.js]
[cdnjs.cloudflare.com/ajax/libs/Chart.js/2.9.3/Chart.bundle.js]
[cdnjs.cloudflare.com/ajax/libs/Chart.js/2.9.3/Chart.min.js]
[covid.gov.pk/v2/js/d3.js]
[covid.gov.pk/v2/js/c3.js]
[cdn.amcharts.com/lib/4/core.js]
[cdn.amcharts.com/lib/4/charts.js]
[cdn.amcharts.com/lib/4/themes/material.js]
[cdn.amcharts.com/lib/4/themes/animated.js]
[cdn.amcharts.com/lib/4/themes/dataviz.js]
[covid.gov.pk/v2/js/script.js]
[www.gstatic.com/charts/loader.js]
[covid.gov.pk/index.html]
[covid.gov.pk/v2/css/c3.css]
[kenwheeler.github.io/slick/slick/ajax-loader.gif]
[kenwheeler.github.io/slick/slick/fonts/slick.eot]
[kenwheeler.github.io/slick/slick/fonts/slickd41d.eot]
[kenwheeler.github.io/slick/slick/fonts/slick.woff]
[kenwheeler.github.io/slick/slick/fonts/slick.ttf]
[kenwheeler.github.io/slick/slick/fonts/slick.svg]
[kenwheeler.github.io/slick/slick/slick-theme.css]
[cdn.jsdelivr.net/npm/slick-carousel@1.8.1/slick/slick.css]
[stackpath.bootstrapcdn.com/bootstrap/4.4.1/css/bootstrap.min.css]
[covid.gov.pk/v2/fonts/Nioicon.ttf]
[covid.gov.pk/v2/img/shape-b-sm.png]
[covid.gov.pk/v2/img/shape-d.png]
[covid.gov.pk/v2/img/shape-e.png]
[covid.gov.pk/v2/img/shape-line-a.png]
[covid.gov.pk/v2/img/critical.png]
[covid.gov.pk/v2/img/diagnosed-casesff3e.png]
[covid.gov.pk/v2/img/deathsff3e.png]
[covid.gov.pk/v2/img/recoveredff3e.png]
[covid.gov.pk/v2/img/active-casesff3e.png]
[covid.gov.pk/v2/css/style.css]
[unpkg.com/aos@2.3.1/dist/aos.css]
[stackpath.bootstrapcdn.com/font-awesome/4.7.0/css/font-awesome.min.css]
[covid.gov.pk/theme_img/core-img/fevo.ico]
[covid.gov.pk/theme_css/style76f7.css]
[covid.gov.pk/theme_css/style-ad0bbf.css]
[covid.gov.pk/theme_css/style-kshcb0c.css]
[cdn.datatables.net/1.10.16/css/jquery.dataTables.min.css]
[cdn.datatables.net/1.10.19/css/dataTables.bootstrap4.min.css]
[covid.gov.pk/theme_img/core-img/logo.png]
[covid.gov.pk/theme_img/core-img/about-img.jpg]
[covid.gov.pk/theme_js/jquery.min.js]
[covid.gov.pk/theme_js/popper.min.js]
[covid.gov.pk/theme_js/bootstrap.min.js]
[covid.gov.pk/theme_js/plugins.js]
[covid.gov.pk/theme_js/animated.js]
[covid.gov.pk/theme_js/jquery.syotimer.min.js]
[covid.gov.pk/theme_js/script6d13.js]
[cdn.datatables.net/1.10.16/js/jquery.dataTables.min.js]
[cdn.datatables.net/1.10.19/js/dataTables.bootstrap4.min.js]
[covid.gov.pk/stats/pakistan.html]
[covid.gov.pk/stats/weekly.html]
[covid.gov.pk/images/stats.png]
[covid.gov.pk/stats/ict.html]
[covid.gov.pk/stats/punjab.html]
[covid.gov.pk/stats/sindh.html]
[covid.gov.pk/stats/kpk.html]
[covid.gov.pk/stats/balochistan.html]
[covid.gov.pk/stats/gilgit-baltistan.html]
[covid.gov.pk/stats/ajk.html]
[covid.gov.pk/stats/global.html]
[covid.gov.pk/theme_img/core-img/aboutus_header_Img.jpg]
[d.bablic.com/snippet/5eb12116c8ff60000178465519c4.js]
[covid.gov.pk/theme_img/core-img/1.jpg]
[covid.gov.pk/theme_img/core-img/2.jpg]
[covid.gov.pk/theme_img/core-img/about-new-01.png]
[covid.gov.pk/theme_img/core-img/prev-img.jpg]
[covid.gov.pk/covid19.html]
[covid.gov.pk/chatbot-main.html]
[covid.gov.pk/chatbot.html]
[covid.gov.pk/chatbot-urdu.html]
[covid.gov.pk/press-release-details/1.html]
[covid.gov.pk/press-release-details/2.html]
[covid.gov.pk/press-release.html]
[covid.gov.pk/new_guidelines/image/28November2020_20201127_Additional_Guidelines_for_Marriage_Events_Ceremonies_during_COVID_19_4505.jpg]
[covid.gov.pk/new_guidelines/28November2020_20201127_Additional_Guidelines_for_Marriage_Events_Ceremonies_during_COVID_19_4505.pdf]
[covid.gov.pk/new_guidelines/image/19November2020_20201118_Guidelines_for_International_Passengers_Arriving_at__Airport_in_Pakistan__4804.jpg]
[covid.gov.pk/new_guidelines/19November2020_20201118_Guidelines_for_International_Passengers_Arriving_at__Airport_in_Pakistan__4804.pdf]
[covid.gov.pk/new_guidelines/image/05November2020_20201104_TESTING_STRATEGY_INCORPORATING_COVID-19_ANTIGEN_DETECTION_RAPID_DIAGNOSTIC_TESTS_5301.jpg]
[covid.gov.pk/new_guidelines/05November2020_20201104_TESTING_STRATEGY_INCORPORATING_COVID-19_ANTIGEN_DETECTION_RAPID_DIAGNOSTIC_TESTS_5301.pdf]
[covid.gov.pk/new_guidelines/image/22October2020_20201022_Guidelines_for_Tableegi-_Ijtama_during_COVID_19_5201.jpg]
[covid.gov.pk/new_guidelines/22October2020_20201022_Guidelines_for_Tableegi-_Ijtama_during_COVID_19_5201.pdf]
[covid.gov.pk/new_guidelines/image/18October2020_20201018_Guidelines_EID_Milad-Un-Nabi_(PBUH)_Processions_and_Gatherings_During_COVID19_5101.jpg]
[covid.gov.pk/new_guidelines/18October2020_20201018_Guidelines_EID_Milad-Un-Nabi_(PBUH)_Processions_and_Gatherings_During_COVID19_5101.pdf]
[covid.gov.pk/new_guidelines/image/15October2020_20201013_Guidelines_for_Mass_Gatherings_5001.jpg]
[covid.gov.pk/new_guidelines/15October2020_20201013_Guidelines_for_Mass_Gatherings_5001.pdf]
[covid.gov.pk/new_guidelines/image/27September2020_20200926_Guidelines_for_Home_Quarantine_for_Contacts_and_International_Travelers_0403.jpg]
[covid.gov.pk/new_guidelines/27September2020_20200926_Guidelines_for_Home_Quarantine_for_Contacts_and_International_Travelers_0403.pdf]
[covid.gov.pk/new_guidelines/image/27September2020_20200926_Guidelines_for_Contact_Sports_in_wake_of_COVID_19_4901.jpg]
[covid.gov.pk/new_guidelines/27September2020_20200926_Guidelines_for_Contact_Sports_in_wake_of_COVID_19_4901.pdf]
[covid.gov.pk/new_guidelines/image/10September2020_20200909_Guidelines_for_Clinical_Management_of_COVID19_in_Pregnancy_2102.jpg]
[covid.gov.pk/new_guidelines/10September2020_20200909_Guidelines_for_Clinical_Management_of_COVID19_in_Pregnancy_2102.pdf]
[covid.gov.pk/new_guidelines/image/16September2020_20200909_Health_Guidelines_for_Education_Institutions_Reopening_during_COVID_19_Pandemic_3603.jpg]
[covid.gov.pk/new_guidelines/16September2020_20200909_Health_Guidelines_for_Education_Institutions_Reopening_during_COVID_19_Pandemic_3603.pdf]
[covid.gov.pk/new_guidelines/image/31August2020_20200830_Guidelines_for_Domestic_Air_Travel_2903.jpg]
[covid.gov.pk/new_guidelines/31August2020_20200830_Guidelines_for_Domestic_Air_Travel_2903.pdf]
[covid.gov.pk/new_guidelines/image/22August2020_20200724_Guidelines_for_Mass_Gatherings_for_Moharram_Majlis_and_Processions_01.jpg]
[covid.gov.pk/new_guidelines/22August2020_20200724_Guidelines_for_Mass_Gatherings_for_Moharram_Majlis_and_Processions_01.pdf]
[covid.gov.pk/new_guidelines/image/13August2020_reopining-spas.png]
[covid.gov.pk/new_guidelines/13August2020_20200812_Guidelines_for_Spas,_Beauty_Saloons_and_Hair_Dressing_Saloons_during_Covid-19_4701.pdf]
[covid.gov.pk/new_guidelines/image/13August2020_repening-32434234.png]
[covid.gov.pk/new_guidelines/13August2020_20200812_Guidelines_for_Resumption_of_Sports_4601.pdf]
[covid.gov.pk/new_guidelines/image/13August2020_reopening-shrines.png]
[covid.gov.pk/new_guidelines/13August2020_20200811_Guidelines_for_Mass_Gatherings_at_Shrines_and_Urs_4401.pdf]
[covid.gov.pk/new_guidelines/image/13August2020_reopinging-parks.png]
[covid.gov.pk/new_guidelines/13August2020_20200810_Guidelines_for_reopening_of_Parks,_Playgrounds_&_Recreational_Facilities_4201.pdf]
[covid.gov.pk/new_guidelines/image/13August2020_reopening-theaters.png]
[covid.gov.pk/new_guidelines/13August2020_20200810_Guidelines_for_Reopening_of_Cinemas_&_Theaters_4301.pdf]
[covid.gov.pk/new_guidelines/image/10August2020_food-estab.png]
[covid.gov.pk/new_guidelines/10August2020_20200808_Guidelines_for__Reopening_of_Food_Establishments_Restaurants_4101_(1).pdf]
[covid.gov.pk/new_guidelines/image/10August2020_tourism.png]
[covid.gov.pk/new_guidelines/10August2020_20200808_Guidelines_for_Reopening_Tourism_4001_(1).pdf]
[covid.gov.pk/new_guidelines/image/10August2020_independence-english.png]
[covid.gov.pk/new_guidelines/10August2020_20200806__Guidelines_for_Independence_Day_Celerations_Program_3902.pdf]
[covid.gov.pk/new_guidelines/image/10August2020_independence-urdu.png]
[covid.gov.pk/new_guidelines/10August2020_20200806_Guidelines_for_Independence_Day_Celebrations_14th_August_Urdu_V2_3902.pdf]
[covid.gov.pk/new_guidelines/image/28July2020_capture4.png]
[covid.gov.pk/new_guidelines/28July2020_20200725_GuidelinesUrdu-Eid_ul_Adha_for_Prevention_of_Corona_Virus_Urdu__3002.pdf]
[covid.gov.pk/new_guidelines/image/26July2020_asdfasdfasdf.png]
[covid.gov.pk/new_guidelines/26July2020_20200724_Guidelines_for_Cleaning__Disinfection_of_Environmental_Surfaces_0204.pdf]
[covid.gov.pk/new_guidelines/image/21July2020_Capture.png]
[covid.gov.pk/new_guidelines/21July2020_20200720_Guidelines_for_Screening_of_Hospital_Admitted_Non-COVID_Patients_and_Healthcare_Personnel_3701.pdf]
[covid.gov.pk/new_guidelines/image/16July2020_Capture.png]
[covid.gov.pk/new_guidelines/image/12July2020_20200712_Guidelines_for_Eid_ul_Adha_for_Prevention_of_Corona_Virus_3002.jpg]
[covid.gov.pk/new_guidelines/12July2020_20200712_Guidelines_for_Eid_ul_Adha_for_Prevention_of_Corona_Virus_3002.pdf]
[covid.gov.pk/new_guidelines/image/11July2020_20200710_Guidelines_for_holding_NA_or_Senate_of_Pakistan_session_1501.jpg]
[covid.gov.pk/new_guidelines/11July2020_20200710_Guidelines_for_holding_NA_or_Senate_of_Pakistan_session_1501.pdf]
[covid.gov.pk/new_guidelines/image/09July2020_SOPs_for_Eid_ul_Azha.png]
[covid.gov.pk/new_guidelines/09July2020_SOPs_for_Eid_ul_Azha.pdf]
[covid.gov.pk/new_guidelines/image/09July2020_20200709_Guidelines_for_Functioning_of_Courts_in_wake_of_COVID_19_3101.jpg]
[covid.gov.pk/new_guidelines/09July2020_20200709_Guidelines_for_Functioning_of_Courts_in_wake_of_COVID_19_3101.pdf]
[covid.gov.pk/new_guidelines/image/07July2020_20200707_Interim_Guidance_for_Continuity_of_SRH_Services_2201.jpg]
[covid.gov.pk/new_guidelines/07July2020_20200707_Interim_Guidance_for_Continuity_of_SRH_Services_2201.pdf]
[covid.gov.pk/new_guidelines/image/07July2020_20200707_Guidelines_for_the_Clinical_Management_of_COVID_in_Children_2301.jpg]
[covid.gov.pk/new_guidelines/07July2020_20200707_Guidelines_for_the_Clinical_Management_of_COVID_in_Children_2301.pdf]
[covid.gov.pk/new_guidelines/image/04July2020_20200704_Clinical_Management_Guidelines_for_COVID-19_infections_1203.jpg]
[covid.gov.pk/new_guidelines/04July2020_20200704_Clinical_Management_Guidelines_for_COVID-19_infections_1203.pdf]
[covid.gov.pk/new_guidelines/image/02July2020_20200701_National_Testing_Guidelines_for_(RT-PCR)_Diagnostic_Test_0103.jpg]
[covid.gov.pk/new_guidelines/02July2020_20200701_National_Testing_Guidelines_for_(RT-PCR)_Diagnostic_Test_0103.pdf]
[covid.gov.pk/new_guidelines/image/28June2020_20200628_Guidelines_for_International_Departure_from_Pakistan_02.jpg]
[covid.gov.pk/new_guidelines/28June2020_20200628_Guidelines_for_International_Departure_from_Pakistan_02.pdf]
[covid.gov.pk/new_guidelines/image/27June2020_20200627_Guidelines_for_for_Passengers,_Conveyances_and_cargo_at_ground_crossings_2803.jpg]
[covid.gov.pk/new_guidelines/27June2020_20200627_Guidelines_to_Implement_Preventive_Health_Measures_for_Passengers_2802.pdf]
[covid.gov.pk/new_guidelines/image/19June2020_Safety_for_Law_Enforcement_Agencies_in_Wake_of_Covid_19.jpg]
[covid.gov.pk/new_guidelines/19June2020_20200619_Guidelines_for_Law_Enforcement_Agencies_1601.pdf]
[covid.gov.pk/new_guidelines/image/15June2020_20200615_Guidelines_for_the_Convalescent-_plasma_therapy_1501.jpg]
[covid.gov.pk/new_guidelines/15June2020_20200615_Guidelines_for_the_Convalescent-_plasma_therapy_1501.pdf]
[covid.gov.pk/new_guidelines/image/14June2020_Oxygen_Facilities_for_Covid-19_Patients.jpg]
[covid.gov.pk/new_guidelines/14June2020_20200613_Guidelines_for_Oxygen_Use_3301.pdf]
[covid.gov.pk/new_guidelines/image/14June2020_20200613_Guidelines_for_Mandatory_use_of_face_mask_(urdu)_1704.jpg]
[covid.gov.pk/new_guidelines/14June2020_20200613_Guidelines_for_Mandatory_use_of_face_mask_(urdu)_1704.pdf]
[covid.gov.pk/new_guidelines/image/08June2020_facemask_guidleines.jpg]
[covid.gov.pk/new_guidelines/08June2020_2020608_Guidelines_for_mandatory_use_of_face_mask_1704.pdf]
[covid.gov.pk/new_guidelines/image/07June2020_20200607_Guidelines_for_Government_Employees_and_Organizations_3401.jpg]
[covid.gov.pk/new_guidelines/07June2020_20200607_Guidelines_for_Government_Employees_and_Organizations_3401.pdf]
[covid.gov.pk/new_guidelines/image/07June2020_20200602_Guidelines_for_Care_of_Old_Patients_in_Wake_of_COVID_19_3501.jpg]
[covid.gov.pk/new_guidelines/07June2020_20200602_Guidelines_for_Care_of_Old_Patients_in_Wake_of_COVID_19_3501.pdf]
[covid.gov.pk/new_guidelines/image/02June2020_28.png]
[covid.gov.pk/new_guidelines/01June2020_Guidelines_for_Ethical_Healthcare_Decision-Making_in_Pakistan.pdf]
[covid.gov.pk/new_guidelines/image/01June2020_21.png]
[covid.gov.pk/new_guidelines/01June2020_20200530_Guidelines_for_working_of_OPDs_for_Routine_Patients.pdf]
[covid.gov.pk/new_guidelines/image/01June2020_19.png]
[covid.gov.pk/new_guidelines/01June2020_20200529_Guidelines_for_Home_Isolation_03.pdf]
[covid.gov.pk/new_guidelines/image/01June2020_20.png]
[covid.gov.pk/new_guidelines/01June2020_20200529_Guidelines_for_Air_Transport_of_Covid_Positive_Dead_Body_03.pdf]
[covid.gov.pk/new_guidelines/image/01June2020_12.png]
[covid.gov.pk/new_guidelines/01June2020_20200505_Guidelines_for_Burial_and_Safe_management_of_COVID_19_dead_body_0803_may.pdf]
[covid.gov.pk/new_guidelines/image/22June2020_20200526_Guidelines_for_Safe_Burial_of_COVID_Dead_Body-Urdu_V1_0804.jpg]
[covid.gov.pk/new_guidelines/22June2020_20200526_Guidelines_for_Safe_Burial_of_COVID_Dead_Body-Urdu_V1_0804.pdf]
[covid.gov.pk/new_guidelines/image/22June2020_20200505_Guidelines_for_Public_Transport-Urdu_V1__2401.jpg]
[covid.gov.pk/new_guidelines/22June2020_20200505_Guidelines_for_Public_Transport-Urdu_V1__2401.pdf]
[covid.gov.pk/new_guidelines/image/01June2020_17.png]
[covid.gov.pk/new_guidelines/01June2020_20200519_Guidelines_for_Safety_Measures_at_Railways.pdf]
[covid.gov.pk/new_guidelines/image/01June2020_16.png]
[covid.gov.pk/new_guidelines/01June2020_20200519__Guidelines_for_Cleaning_&_Disinfection_of_Environmental_Surfaces_V3.pdf]
[covid.gov.pk/new_guidelines/image/01June2020_14.png]
[covid.gov.pk/new_guidelines/01June2020_20200509-Guidance_on_selection_and_use_of_PPE.pdf]
[covid.gov.pk/new_guidelines/image/01June2020_11.png]
[covid.gov.pk/new_guidelines/01June2020_20200503_Guidelines_for_Dental_Services.pdf]
[covid.gov.pk/new_guidelines/image/01June2020_sop_ramzan.jpg]
[covid.gov.pk/new_guidelines/01June2020_sop_ramzan.jpg]
[covid.gov.pk/new_guidelines/image/01June2020_9.png]
[covid.gov.pk/new_guidelines/01June2020_20200411_Guidelines_for_the_health_&_safety_of_building_&_construction_workers_1101.pdf]
[covid.gov.pk/new_guidelines/image/01June2020_8.png]
[covid.gov.pk/new_guidelines/01June2020_20200406_Guidelines_for_Neonates_of_mothers__1301-new.pdf]
[covid.gov.pk/new_guidelines/image/09July2020_20200404_Guidelines_for_Quarantine_Facility_Establishment_0302.jpg]
[covid.gov.pk/new_guidelines/09July2020_20200404_Guidelines_for_Quarantine_Facility_Establishment_0302.pdf]
[covid.gov.pk/new_guidelines/image/01June2020_5.png]
[covid.gov.pk/new_guidelines/01June2020_20200329_Preventive_Guidelines_for_Industries_and_Workers_against_COVID19_1002.pdf]
[covid.gov.pk/new_guidelines/image/01June2020_6.png]
[covid.gov.pk/new_guidelines/01June2020_20200330_Guidelines_for_Shops_during_COVID19_0902.pdf]
[covid.gov.pk/new_guidelines/image/01June2020_3.png]
[covid.gov.pk/new_guidelines/01June2020_20200327_Guidelines_for_Zoning_of_Hospitals_0701.pdf]
[covid.gov.pk/new_guidelines/image/01June2020_2.png]
[covid.gov.pk/new_guidelines/01June2020_20200326_Guidelines_for_Soial_Distancing_0601.pdf]
[covid.gov.pk/new_guidelines/image/01June2020_22.png]
[covid.gov.pk/new_guidelines/01June2020_COVID-PriorityTesting-27.3.20.pdf]
[covid.gov.pk/guideline.html]
[covid.gov.pk/theme_img/icons/n1.png]
[covid.gov.pk/theme_img/icons/n2.png]
[covid.gov.pk/theme_img/icons/n3.png]
[covid.gov.pk/theme_img/icons/n4.png]
[covid.gov.pk/theme_img/icons/t1.png]
[covid.gov.pk/theme_img/icons/t2.png]
[covid.gov.pk/theme_img/icons/t3.png]
[covid.gov.pk/theme_img/icons/t4.png]
[covid.gov.pk/theme_img/icons/s1.png]
[covid.gov.pk/theme_img/icons/s2.png]
[covid.gov.pk/theme_img/icons/s3.png]
[covid.gov.pk/theme_img/icons/s4.png]
[covid.gov.pk/theme_img/icons/s5.png]
[covid.gov.pk/theme_img/icons/s6.png]
[covid.gov.pk/prevention.html]
[covid.gov.pk/new_guidelines/15September2020_20200914_Guidelines_for_International_Passengers_Arriving_at__Airport_in_Pakistan_4803.pdf]
[covid.gov.pk/intl_travellers/current_policies.html]
[covid.gov.pk/travel_guidelines/Guidelines for Air Transport of Covid Positive Dead Body.pdf]
[covid.gov.pk/travel_guidelines/Guidelines for Burial and Safe management of COVID 19 dead body.pdf]
[covid.gov.pk/travel_guidelines/SOPs for Outbound Passenger Flights.pdf]
[covid.gov.pk/travel_guidelines/Corrigendum to SOPs of Int pax flights 24 Sep 20.pdf]
[covid.gov.pk/travel_guidelines/SOPs for International Private Flights_.pdf]
[covid.gov.pk/travel_guidelines/SOPs for Domestic Passenger Flights_.pdf]
[covid.gov.pk/travel_guidelines/SOPs for Domestic Private Flights_.pdf]
[covid.gov.pk/images/travel/covid19_flight_guideline.jpg]
[covid.gov.pk/images/travel/covid19_flight_guideline_2.jpg]
[covid.gov.pk/intl_travellers/guidelines_for_travellers.html]
[covid.gov.pk/intl_travellers/contact_info_for_queries.html]
[covid.gov.pk/faq.html]
[covid.gov.pk/uploads/news/07July2020_cb48527a-be75-4853-ba4a-ab8ef89bdb0d.jpg]
[covid.gov.pk/public_service_message/26.html]
[covid.gov.pk/uploads/news/19June2020_3e841e65-3481-4ffc-bbef-0b9e18748209.jpg]
[covid.gov.pk/public_service_message/25.html]
[covid.gov.pk/uploads/news/22March2020_thumb2.jpg]
[covid.gov.pk/uploads/news/22March2020_hqdefault.jpg]
[covid.gov.pk/public_service_message/22.html]
[covid.gov.pk/public_service_message/21.html]
[covid.gov.pk/public_service_message/20.html]
[covid.gov.pk/public_service_message/19.html]
[covid.gov.pk/public_service_message/18.html]
[covid.gov.pk/public_service_message/17.html]
[covid.gov.pk/public_service_message/16.html]
[covid.gov.pk/public_service_message/15.html]
[covid.gov.pk/public_service_message/14.html]
[covid.gov.pk/uploads/news/17March2020_Video.jpg]
[covid.gov.pk/public_service_message/4.html]
[covid.gov.pk/uploads/news/17March2020_Message-4.jpg]
[covid.gov.pk/public_service_message/3.html]
[covid.gov.pk/uploads/news/17March2020_0-15.jpg]
[covid.gov.pk/public_service_message/2.html]
[covid.gov.pk/uploads/news/17March2020_0-4-1.jpg]
[covid.gov.pk/public_service_message/1.html]
[covid.gov.pk/public_service_message.html]
[covid.gov.pk/v2/img/cloud.svg]
[covid.gov.pk/v2/img/drugs.svg]
[covid.gov.pk/v2/img/virus.svg]
[covid.gov.pk/v2/img/garlic.svg]
[covid.gov.pk/laboratories.html]
[covid.gov.pk/contact.html]
[kenwheeler.github.io/slick/slick/fonts/slick.svg]
[covid.gov.pk/v2/fonts/Roboto-Bold.html]
[covid.gov.pk/v2/fonts/Roboto-Boldd41d.html]
[covid.gov.pk/v2/fonts/Roboto-Bold-2.html]
[covid.gov.pk/v2/fonts/Roboto-Bold-3.html]
[covid.gov.pk/v2/fonts/Roboto-Bold-4.html]
[covid.gov.pk/v2/fonts/Roboto-Medium.html]
[covid.gov.pk/v2/fonts/Roboto-Mediumd41d.html]
[covid.gov.pk/v2/fonts/Roboto-Medium-2.html]
[covid.gov.pk/v2/fonts/Roboto-Medium-3.html]
[covid.gov.pk/v2/fonts/Roboto-Medium-4.html]
[covid.gov.pk/v2/fonts/Roboto-Regular.html]
[covid.gov.pk/v2/fonts/Roboto-Regulard41d.html]
[covid.gov.pk/v2/fonts/Roboto-Regular-2.html]
[covid.gov.pk/v2/fonts/Roboto-Regular-3.html]
[covid.gov.pk/v2/fonts/Roboto-Regular-4.html]
[covid.gov.pk/v2/fonts/Oswald-Bold.html]
[covid.gov.pk/v2/fonts/Oswald-Boldd41d.html]
[covid.gov.pk/v2/fonts/Oswald-Bold-2.html]
[covid.gov.pk/v2/fonts/Oswald-Bold-3.html]
[covid.gov.pk/v2/fonts/Oswald-Bold-4.html]
[covid.gov.pk/v2/img/shape-a.html]
[covid.gov.pk/v2/img/shape-a-sm.html]
[covid.gov.pk/v2/img/shape-b.html]
[covid.gov.pk/v2/img/shape-c.html]
[covid.gov.pk/theme_css/bootstrap.min.css]
[covid.gov.pk/theme_css/animate.css]
[covid.gov.pk/theme_css/about-sonar.css]
[covid.gov.pk/theme_css/classy-nav.min.css]
[covid.gov.pk/theme_css/dzsparallaxer.css]
[covid.gov.pk/theme_css/owl.carousel.min.css]
[covid.gov.pk/theme_css/magnific-popup.css]
[covid.gov.pk/theme_css/animated-headline.css]
[covid.gov.pk/theme_css/font-awesome.min.css]
[covid.gov.pk/theme_css/font-icons.css]
[covid.gov.pk/theme_css/cryptocoins.css]
[covid.gov.pk/theme_css/themify-icons.css]
[covid.gov.pk/theme_css/img/loader2.gif]
[covid.gov.pk/theme_img/bg-img/header-bg3.png]
[covid.gov.pk/theme_img/bg-img/header-bg1.png]
[covid.gov.pk/theme_img/bg-img/header-bg2.png]
[covid.gov.pk/theme_img/core-img/cards-bg.png]
[covid.gov.pk/theme_img/icons/black-right.png]
[covid.gov.pk/theme_img/icons/black-left.png]
[covid.gov.pk/theme_css/img/loader1.gif]
[covid.gov.pk/theme_css/style76f7.css]
[covid.gov.pk/theme_css/style-ad0bbf.css]
[covid.gov.pk/theme_css/style-kshcb0c.css]
[cdn.datatables.net/1.10.16/images/sort_both.png]
[cdn.datatables.net/1.10.16/images/sort_asc.png]
[cdn.datatables.net/1.10.16/images/sort_desc.png]
[cdn.datatables.net/1.10.16/images/sort_asc_disabled.png]
[cdn.datatables.net/1.10.16/images/sort_desc_disabled.png]
[cdn.datatables.net/1.10.16/css/jquery.dataTables.min.css]
[cdn.datatables.net/1.10.19/css/dataTables.bootstrap4.min.css]
[covid.gov.pk/img/bg-img/bg-2.html]
[covid.gov.pk/press-release-details/1.html]
[covid.gov.pk/press-release-details/2.html]
[covid.gov.pk/public_service_message/26.html]
[covid.gov.pk/public_service_message/25.html]
[covid.gov.pk/public_service_message/22.html]
[covid.gov.pk/public_service_message/21.html]
[covid.gov.pk/public_service_message/20.html]
[covid.gov.pk/public_service_message/19.html]
[covid.gov.pk/public_service_message/18.html]
[covid.gov.pk/public_service_message/17.html]
[covid.gov.pk/public_service_message/16.html]
[covid.gov.pk/public_service_message/15.html]
[covid.gov.pk/public_service_message/14.html]
[covid.gov.pk/public_service_message/4.html]
[covid.gov.pk/public_service_message/3.html]
[covid.gov.pk/public_service_message/2.html]
[covid.gov.pk/public_service_message/1.html]
[covid.gov.pk/theme_css/bootstrap.min.css]
[covid.gov.pk/theme_css/animate.css]
[covid.gov.pk/theme_css/about-sonar.css]
[covid.gov.pk/theme_fonts/classycb9bcb9b.eot]
[covid.gov.pk/theme_fonts/classycb9bcb9b.ttf]
[covid.gov.pk/theme_fonts/classycb9bcb9b.woff]
[covid.gov.pk/theme_css/classy-nav.min.css]
[covid.gov.pk/theme_css/img/grey_wash_wall.html]
[covid.gov.pk/theme_css/img/fog_clouds_png_by_paradise234-d5czivb.html]
[covid.gov.pk/theme_css/dzsparallaxer.css]
[covid.gov.pk/theme_css/owl.video.play.html]
[covid.gov.pk/theme_css/owl.carousel.min.css]
[covid.gov.pk/theme_css/magnific-popup.css]
[covid.gov.pk/theme_css/animated-headline.css]
[covid.gov.pk/theme_fonts/fontawesome-webfont3e6e3e6e.eot]
[covid.gov.pk/theme_fonts/fontawesome-webfontd41dd41d.eot]
[covid.gov.pk/theme_fonts/fontawesome-webfont3e6e3e6e.woff]
[covid.gov.pk/theme_fonts/fontawesome-webfont3e6e3e6e.ttf]
[covid.gov.pk/theme_css/font-awesome.min.css]
[covid.gov.pk/theme_css/font-icons.css]
[covid.gov.pk/theme_css/cryptocoins.css]
[covid.gov.pk/theme_css/themify-icons.css]
[covid.gov.pk/theme_img/core-img/shape1.html]
[covid.gov.pk/theme_img/svg/bg-header1.svg]
[covid.gov.pk/theme_img/core-img/sec-before.html]
[covid.gov.pk/theme_img/core-img/sec-before2.html]
[covid.gov.pk/theme_img/bg-img/sec-img-bg.html]
[covid.gov.pk/theme_img/core-img/pettern2.html]
[covid.gov.pk/theme_img/bg-img/travel-bg.html]
[covid.gov.pk/theme_img/team-img/food/head-before.html]
[covid.gov.pk/theme_img/team-img/food/head-after.html]
[covid.gov.pk/theme_img/team-img/food/reservation-bg.html]
[covid.gov.pk/theme_img/svg/diamond-shape.html]
[covid.gov.pk/theme_img/bg-img/header2.html]
[covid.gov.pk/theme_img/bg-img/header-app.html]
[covid.gov.pk/theme_img/bg-img/header-bg55.html]
[covid.gov.pk/theme_img/svg/curve.html]
[covid.gov.pk/theme_img/bg-img/hero-app-bg.html]
[covid.gov.pk/theme_img/bg-img/app2-bg.html]
[covid.gov.pk/theme_img/bg-img/agency-bg.html]
[covid.gov.pk/theme_img/svg/bg_hero.svg]
[covid.gov.pk/theme_img/svg/bg_hero1.svg]
[covid.gov.pk/theme_img/svg/bg_hero2.svg]
[covid.gov.pk/theme_img/bg-img/soft1.html]
[covid.gov.pk/theme_img/bg-img/soft2.html]
[covid.gov.pk/theme_img/bg-img/header3.html]
[covid.gov.pk/theme_img/bg-img/banner-bg.html]
[covid.gov.pk/theme_img/team-img/ico/header-bg3.html]
[covid.gov.pk/theme_img/bg-img/corporate-bg-1.html]
[covid.gov.pk/theme_img/bg-img/hos-bg-2.html]
[covid.gov.pk/theme_img/bg-img/tringle.html]
[covid.gov.pk/theme_img/bg-img/header2-2.html]
[covid.gov.pk/theme_img/bg-img/trans.html]
[covid.gov.pk/theme_img/core-img/hero-bg.html]
[covid.gov.pk/theme_img/core-img/robot-1.html]
[covid.gov.pk/theme_img/core-img/robot-2.html]
[covid.gov.pk/theme_img/svg/head-bg-1.html]
[covid.gov.pk/theme_img/core-img/about-5.html]
[covid.gov.pk/theme_img/core-img/circle-m.html]
[covid.gov.pk/theme_img/core-img/cir-left.html]
[covid.gov.pk/theme_img/core-img/cir-right.html]
[covid.gov.pk/theme_img/core-img/video-btn-bg.html]
[covid.gov.pk/theme_img/svg/benefits-bg.svg]
[covid.gov.pk/theme_img/svg/bg-home-bubble.svg]
[covid.gov.pk/theme_img/core-img/about-1.html]
[covid.gov.pk/theme_img/core-img/faq.html]
[covid.gov.pk/theme_img/svg/header-area-ill.svg]
[covid.gov.pk/theme_img/core-img/travel.html]
[covid.gov.pk/theme_img/core-img/pizza-header.html]
[covid.gov.pk/theme_img/team-img/app/app3.html]
[covid.gov.pk/theme_css/video/video-frame.html]
[covid.gov.pk/theme_img/svg/section-bg.svg]
[covid.gov.pk/theme_img/bg-img/section-bg.html]
[covid.gov.pk/theme_img/svg/two-sec-bg.svg]
[covid.gov.pk/theme_img/core-img/wire.html]
[covid.gov.pk/theme_img/bg-img/about-bg.html]
[covid.gov.pk/theme_img/core-img/crypto.html]
[covid.gov.pk/theme_img/svg/ai-illustration.html]
[covid.gov.pk/theme_img/team-img/food/res-features.html]
[covid.gov.pk/theme_img/bg-img/bread-bg.html]
[covid.gov.pk/theme_img/core-img/feature-bg.html]
[covid.gov.pk/theme_img/core-img/transparent-iphone.html]
[covid.gov.pk/theme_img/team-img/food/beans.html]
[covid.gov.pk/theme_img/team-img/food/coffee.html]
[covid.gov.pk/theme_img/svg/checkmark.html]
[covid.gov.pk/theme_img/svg/ico-about-bg.svg]
[covid.gov.pk/theme_img/bg-img/hos-sec-1.html]
[covid.gov.pk/theme_img/bg-img/corporate-sec-bg.html]
[covid.gov.pk/theme_img/bg-img/resturant-bg-2.html]
[covid.gov.pk/theme_img/bg-img/world-map.html]
[covid.gov.pk/theme_img/bg-img/coffee-bg.html]
[covid.gov.pk/theme_img/team-img/food/coffee-bg.html]
[covid.gov.pk/theme_img/team-img/ico/header-bg4.html]
[covid.gov.pk/theme_img/team-img/ico/header-bg6.html]
[covid.gov.pk/theme_img/svg/striples-bg.svg]
[covid.gov.pk/theme_img/team-img/food/about-bg.html]
[covid.gov.pk/theme_img/bg-img/corporate-sec-bg2.html]
[covid.gov.pk/theme_img/bg-img/hero-bg.html]
[covid.gov.pk/theme_img/svg/api1-bg.svg]
[covid.gov.pk/theme_img/svg/api2-bg.svg]
[covid.gov.pk/theme_img/team-img/ico/doc-bg.html]
[covid.gov.pk/theme_img/team-img/ico/ico-about-bg.html]
[covid.gov.pk/theme_img/svg/download-bg2.html]
[covid.gov.pk/theme_img/svg/download-bg3.html]
[covid.gov.pk/theme_img/svg/pdf.html]
[covid.gov.pk/theme_img/svg/view.html]
[covid.gov.pk/press-release-details/img/bg-img/bg-2.html]
[covid.gov.pk/public_service_message/img/bg-img/bg-2.html]
[covid.gov.pk/theme_fonts/classycb9bcb9b.svg]
[covid.gov.pk/theme_css/img/grey_wash_wall.html]
[covid.gov.pk/theme_css/img/fog_clouds_png_by_paradise234-d5czivb.html]
[covid.gov.pk/theme_css/owl.video.play.html]
[covid.gov.pk/theme_fonts/fontawesome-webfont3e6e3e6e.html]
[covid.gov.pk/theme_fonts/fontawesome-webfont3e6e3e6e.svg]
[covid.gov.pk/fonts/ui-iconsdc9c.html]
[covid.gov.pk/fonts/ui-iconsdc9c-2.html]
[covid.gov.pk/fonts/ui-iconsdc9c-3.html]
[covid.gov.pk/fonts/ui-iconsdc9c-4.html]
[covid.gov.pk/fonts/ui-iconsdc9c-5.html]
[covid.gov.pk/fonts/cryptocoins.html]
[covid.gov.pk/fonts/cryptocoins-2.html]
[covid.gov.pk/fonts/cryptocoins-3.html]
[covid.gov.pk/fonts/themify9f249f24.html]
[covid.gov.pk/fonts/themifyd41dd41d.html]
[covid.gov.pk/fonts/themify9f249f24-2.html]
[covid.gov.pk/fonts/themify9f249f24-3.html]
[covid.gov.pk/fonts/themify9f249f24-4.html]
